              mechanism     n replicate horizon bridge_remainder
                 <char> <int>     <int>   <int>            <num>
 1: binary_longitudinal  1000         1       1     1.431817e-02
 2: binary_longitudinal  1000         1       2     1.378096e-01
 3: binary_longitudinal  1000         2       1    -1.115152e-03
 4: binary_longitudinal  1000         2       2    -2.550475e-03
 5: binary_longitudinal  1000         3       1     4.119713e-03
 6: binary_longitudinal  1000         3       2    -2.637152e-03
 7: binary_longitudinal  1000        14       1     1.585517e-03
 8: binary_longitudinal  1000        14       2     3.463841e-02
 9: binary_longitudinal  1000        15       1    -5.940007e-03
10: binary_longitudinal  1000        15       2     5.038738e-03
11: binary_longitudinal  1000        17       1     7.902982e-03
12: binary_longitudinal  1000        17       2    -9.644183e-03
13: binary_longitudinal  1000        21       1    -8.356089e-04
14: binary_longitudinal  1000        21       2    -2.549990e-02
15: binary_longitudinal  1000        22       1    -4.263185e-05
16: binary_longitudinal  1000        22       2    -1.569316e-03
17: binary_longitudinal  1000        23       1    -2.208902e-03
18: binary_longitudinal  1000        23       2     4.026750e-03
19: binary_longitudinal  4000         7       1     4.229856e-04
20: binary_longitudinal  4000         7       2     3.951029e-03
21: binary_longitudinal  4000         8       1    -2.868370e-04
22: binary_longitudinal  4000         8       2    -8.657675e-04
23: binary_longitudinal  4000        10       1     1.177823e-03
24: binary_longitudinal  4000        10       2    -6.756022e-04
25: binary_longitudinal  4000        14       1    -4.721606e-04
26: binary_longitudinal  4000        14       2    -1.945192e-03
27: binary_longitudinal  4000        15       1    -1.377311e-03
28: binary_longitudinal  4000        15       2    -3.374696e-03
29: binary_longitudinal  4000        16       1     6.276329e-04
30: binary_longitudinal  4000        16       2     5.920182e-04
31: binary_longitudinal   500         1       1    -7.136634e-03
32: binary_longitudinal   500         1       2     8.775009e-03
33: binary_longitudinal   500         2       1    -2.157286e-03
34: binary_longitudinal   500         2       2    -3.007607e-02
35: binary_longitudinal   500         4       1     3.583464e-03
36: binary_longitudinal   500         4       2    -6.379162e-02
37: binary_longitudinal   500         8       1    -5.627054e-03
38: binary_longitudinal   500         8       2    -8.756285e-03
39: binary_longitudinal   500         9       1     8.106752e-03
40: binary_longitudinal   500         9       2    -4.705247e-03
41: binary_longitudinal   500        10       1     7.213401e-03
42: binary_longitudinal   500        10       2    -1.758498e-01
43: binary_longitudinal   500        21       1    -1.243550e-02
44: binary_longitudinal   500        21       2     6.136210e-03
45: binary_longitudinal   500        22       1    -9.841953e-05
46: binary_longitudinal   500        22       2    -6.795704e-03
47: binary_longitudinal   500        24       1     8.629480e-03
48: binary_longitudinal   500        24       2     1.479042e-02
              mechanism     n replicate horizon bridge_remainder
                 <char> <int>     <int>   <int>            <num>
    adjoint_equation_rmse adjoint_error_using_fitted_ratios_rmse
                    <num>                                  <num>
 1:            0.13402560                             0.14122992
 2:            3.14800856                             3.51143879
 3:            0.10714073                             0.10467758
 4:            1.67756585                             2.44220628
 5:            0.14296724                             0.09294908
 6:            0.85660104                             1.56439255
 7:            0.08875867                             0.09935148
 8:            1.86081004                             2.23885672
 9:            0.11709796                             0.09971546
10:            0.93324331                             5.05823893
11:            0.11409939                             0.10191409
12:            0.86715245                             3.21164057
13:            0.13887700                             0.10776357
14:            0.83337135                             1.31286891
15:            0.09530446                             0.07566112
16:            0.78817304                             0.96082861
17:            0.08463627                             0.07958199
18:            1.00767683                             3.87695156
19:            0.07449206                             0.06663247
20:            0.87840957                             3.69688084
21:            0.05328611                             0.04897613
22:            0.72919246                             0.72638682
23:            0.04170690                             0.04260040
24:            0.68100457                             1.18126291
25:            0.05645596                             0.04414423
26:            0.66172339                             1.43494945
27:            0.07836215                             0.04344218
28:            0.85467343                             0.90990854
29:            0.06000610                             0.05155843
30:            0.70705613                             1.01511028
31:            0.10397107                             0.08818382
32:            1.45064078                             3.38015919
33:            0.12507657                             0.11525391
34:            0.79652771                             1.22566206
35:            0.15505689                             0.10860951
36:            1.45215342                             1.52162409
37:            0.14668188                             0.10524463
38:            0.94493067                             0.84219188
39:            0.14535611                             0.13070227
40:            0.88756609                             2.02358631
41:            0.18324989                             0.15906927
42:            1.13697284                             2.00019221
43:            0.16058684                             0.19960842
44:            2.01983703                             1.93793526
45:            0.12601289                             0.09360241
46:            1.09336255                             1.58379195
47:            0.10662607                             0.10194575
48:            1.21025164                             1.50954606
    adjoint_equation_rmse adjoint_error_using_fitted_ratios_rmse
                    <num>                                  <num>
    adjoint_difference_from_ratio_estimation_rmse
                                            <num>
 1:                                    0.09414139
 2:                                    1.52574578
 3:                                    0.06675383
 4:                                    1.81992436
 5:                                    0.10393898
 6:                                    1.21574488
 7:                                    0.08783343
 8:                                    1.14284417
 9:                                    0.11409741
10:                                    4.71468032
11:                                    0.09000610
12:                                    2.69636350
13:                                    0.11171889
14:                                    0.92403072
15:                                    0.06153268
16:                                    0.51086232
17:                                    0.06916830
18:                                    3.46276492
19:                                    0.06074404
20:                                    3.48145312
21:                                    0.05055434
22:                                    0.36687493
23:                                    0.03944312
24:                                    0.89500561
25:                                    0.02858494
26:                                    1.17032714
27:                                    0.04932638
28:                                    0.39873337
29:                                    0.04560178
30:                                    0.64661696
31:                                    0.09787579
32:                                    2.97527055
33:                                    0.08651415
34:                                    0.87646407
35:                                    0.10899253
36:                                    0.68343100
37:                                    0.10258498
38:                                    0.45200333
39:                                    0.09531132
40:                                    1.68640333
41:                                    0.17290295
42:                                    1.36625764
43:                                    0.07928134
44:                                    0.86209230
45:                                    0.10276538
46:                                    0.96749704
47:                                    0.11540037
48:                                    1.01957816
    adjoint_difference_from_ratio_estimation_rmse
                                            <num>
    measured_probability_in_unseen_combinations
                                          <num>
 1:                                  0.00000000
 2:                                  0.11259234
 3:                                  0.00000000
 4:                                  0.08889097
 5:                                  0.00000000
 6:                                  0.09415898
 7:                                  0.00000000
 8:                                  0.07997177
 9:                                  0.00000000
10:                                  0.08502750
11:                                  0.00000000
12:                                  0.09121963
13:                                  0.00000000
14:                                  0.07655242
15:                                  0.00000000
16:                                  0.07258534
17:                                  0.00000000
18:                                  0.09584510
19:                                  0.00000000
20:                                  0.02097050
21:                                  0.00000000
22:                                  0.01833452
23:                                  0.00000000
24:                                  0.01867626
25:                                  0.00000000
26:                                  0.02447478
27:                                  0.00000000
28:                                  0.02006479
29:                                  0.00000000
30:                                  0.02230568
31:                                  0.00000000
32:                                  0.16728155
33:                                  0.00000000
34:                                  0.16714680
35:                                  0.00000000
36:                                  0.17270238
37:                                  0.00000000
38:                                  0.18415898
39:                                  0.00000000
40:                                  0.16854623
41:                                  0.00000000
42:                                  0.15100749
43:                                  0.00000000
44:                                  0.17093253
45:                                  0.00000000
46:                                  0.18446319
47:                                  0.00000000
48:                                  0.18038533
    measured_probability_in_unseen_combinations
                                          <num>
